DEBUG: argv[0]="cupsfilter"
DEBUG: argv[1]="1"
DEBUG: argv[2]="cagan"
DEBUG: argv[3]="test.txt"
DEBUG: argv[4]="1"
DEBUG: argv[5]=""
DEBUG: argv[6]="test.txt"
DEBUG: envp[0]="CONTENT_TYPE=text/plain"
DEBUG: envp[1]="CUPS_DATADIR=/usr/share/cups"
DEBUG: envp[2]=""
DEBUG: envp[3]="CUPS_SERVERBIN=/usr/lib/cups"
DEBUG: envp[4]="CUPS_SERVERROOT=/etc/cups"
DEBUG: envp[5]="LANG=tr_TR.UTF8"
DEBUG: envp[6]="PATH=/usr/lib/cups/filter:/usr/bin:/usr/bin:/bin:/usr/bin"
DEBUG: envp[7]="PPD=ppd/samsung-ml2165.ppd"
DEBUG: envp[8]="PRINTER_INFO=cupsfilter"
DEBUG: envp[9]="PRINTER_LOCATION=Unknown"
DEBUG: envp[10]="PRINTER=cupsfilter"
DEBUG: envp[11]="USER=cagan"
DEBUG: envp[12]="CHARSET=utf-8"
DEBUG: envp[13]="FINAL_CONTENT_TYPE=application/vnd.cups-raster"
INFO: universal (PID 9659) started.
DEBUG: ppdFilterLoadPPD: Color profile qualifier determined from job and PPD data '.Plain.600dpi'
DEBUG: ppdFilterLoadPPD: No ICC profiles specified in PPD
DEBUG: ppdFilterLoadPPD: Searching for profile "600dpi/Plain"...
ERROR: ppdFilterLoadPPD: Last filter could not get determined, page logging by the PDF filter turned off.
DEBUG: ppdFilterLoadPPD: Last filter determined by the PPD: None; Final data MIME type: application/vnd.cups-raster => PDF filter will not log pages in page_log.
DEBUG: ppdFilterUniversal: "*cupsFilter(2): ..." lines in the PPD file:
DEBUG: ppdFilterUniversal:    application/vnd.cups-raw application/octet-stream 0 -
DEBUG: ppdFilterUniversal:    application/vnd.cups-raster application/octet-stream 0 rastertospl-rust
DEBUG: ppdFilterUniversal: Converting from text/plain to application/vnd.cups-raster
DEBUG: cfFilterUniversal: Converting from text/plain to application/vnd.cups-raster
DEBUG: cfFilterUniversal: Final output format for job: application/vnd.cups-raster
DEBUG: cfFilterUniversal: Adding texttopdf to chain
DEBUG: cfFilterUniversal: Adding pdftopdf to chain
DEBUG: cfFilterUniversal: Adding ghostscript to chain
INFO: cfFilterChain: Running filter: texttopdf
INFO: cfFilterChain: Running filter: pdftopdf
INFO: cfFilterChain: Running filter: ghostscript
INFO: cfFilterChain: texttopdf (PID 9660) started.
DEBUG: Color space requested: Default
DEBUG: Final output format: CUPS Raster
DEBUG: Format of the input document: text/plain
DEBUG: Document's input format does not provide absolute size dimensions for each page, falling back to US Letter if no output page size is provided.
INFO: cfFilterChain: pdftopdf (PID 9661) started.
DEBUG: cfFilterPDFToPDF: Suppressed page logging selected by options.
INFO: cfFilterChain: ghostscript (PID 9662) started.
DEBUG: cfFilterGhostscript: Output format: CUPS Raster
DEBUG: cfFilterGhostscript: Copying input to temp file "/tmp/025be6a8e500f"
DEBUG: DEBUG: cfFilterChain: texttopdf completed with status 0.cfFilterPDFToPDF: Processing PDF input with QPDF: Page-ranges, page-set, number-up, booklet, size adjustment, ...

DEBUG: cfFilterPDFToPDF: "print-scaling" IPP attribute: auto
DEBUG: cfFilterPDFToPDF: Print scaling mode: Do not scale, center, crop if needed
DEBUG: cfFilterPDFToPDF: After Cropping: 595.000000 842.000000 595.275574 841.889771
INFO: cfFilterChain: texttopdf (PID 9660) exited with no errors.
DEBUG: cfFilterChain: pdftopdf completed with status 0.
DEBUG: cfFilterGhostscript: Input format: PDF
DEBUG: Color space requested: Default
DEBUG: Final output format: CUPS Raster
DEBUG: Format of the input document: text/plain
DEBUG: Document's input format does not provide absolute size dimensions for each page, falling back to US Letter if no output page size is provided.
DEBUG: Print rendering intent = auto
DEBUG: Color Manager: Calibration Mode/Off
DEBUG: Calling FindDeviceById(cups-cupsfilter)
DEBUG: Failed to send: org.freedesktop.DBus.Error.ServiceUnknown:The name is not activatable
DEBUG: Failed to get find device cups-cupsfilter
DEBUG: Calling FindDeviceById(cups-cupsfilter)
DEBUG: Failed to send: org.freedesktop.DBus.Error.ServiceUnknown:The name is not activatable
DEBUG: Failed to get device cups-cupsfilter
DEBUG: Color Manager: ICC Profile: None
DEBUG: cfFilterGhostscript: Ghostscript using Any-Part-of-Pixel method to fill paths.
DEBUG: cfFilterGhostscript: Ghostscript command line: gs -dQUIET -dSAFER -dNOPAUSE -dBATCH -dNOINTERPOLATE -dNOMEDIAATTRS -dUsePDFX3Profile -sstdout=%stderr -sOutputFile=%stdout -sDEVICE=cups -sMediaType=Plain -r600x600 -dDEVICEWIDTHPOINTS=595 -dDEVICEHEIGHTPOINTS=842 -dcupsBitsPerColor=1 -dcupsColorOrder=0 -dcupsColorSpace=3 -scupsRenderingIntent=auto -scupsPageSizeName=A4 -dcupsManualCopies -I/usr/share/cups/fonts -c '<</.HWMargins[11.990551 11.990551 11.990540 11.990540] /Margins[0 0]>>setpagedevice' -f -_
DEBUG: cfFilterGhostscript: Started Ghostscript (PID 9663)
DEBUG: cfFilterGhostscript: Started logging (PID 9664)
DEBUG: cfFilterGhostscript: Input data feed completed
INFO: cfFilterChain: pdftopdf (PID 9661) exited with no errors.
INFO: cfFilterGhostscript: Start rendering...
INFO: cfFilterGhostscript: Processing page 1...
INFO: cfFilterGhostscript: Processing page 2...
INFO: cfFilterGhostscript: Rendering completed
DEBUG: cfFilterGhostscript: Ghostscript (PID 9663) exited with no errors.
DEBUG: cfFilterGhostscript: Logging (PID 9664) exited with no errors.
DEBUG: cfFilterChain: ghostscript completed with status 0.
INFO: cfFilterChain: ghostscript (PID 9662) exited with no errors.
INFO: universal (PID 9659) exited with no errors.
